[10:16:29] [main/INFO] (FabricLoader/GameProvider) Loading Minecraft 1.21.8 with Fabric Loader 0.17.2
[10:16:29] [ForkJoinPool-1-worker-9/WARN] (FabricLoader/Metadata) The mod "graph_waypoints" contains invalid entries in its mod json:
- Unsupported root entry "resources" at line 23 column 13
[10:16:29] [ForkJoinPool-1-worker-3/WARN] (FabricLoader/Metadata) Mod com_github_rtyley_animated-gif-lib-for-java uses the version animated-gif-lib-1.7 which isn't compatible with Loader's extended semantic version format (Could not parse version number component 'animated'!), SemVer is recommended for reliably evaluating dependencies and prioritizing newer version
[10:16:29] [ForkJoinPool-1-worker-10/WARN] (FabricLoader/Metadata) Mod com_github_oryxel_cubeconverter uses the version 916cadb12a which isn't compatible with Loader's extended semantic version format (Could not parse version number component '916cadb12a'!), SemVer is recommended for reliably evaluating dependencies and prioritizing newer version
[10:16:29] [ForkJoinPool-1-worker-10/WARN] (FabricLoader/Metadata) Mod org_cloudburstmc_netty_netty-transport-raknet uses the version 1.0.0.CR3-SNAPSHOT which isn't compatible with Loader's extended semantic version format (Could not parse version number component 'CR3'!), SemVer is recommended for reliably evaluating dependencies and prioritizing newer version
[10:16:29] [main/INFO] (FabricLoader) Loading 214 mods:
	- animatica 0.6.1+1.21.5
	- anvianslib 1.2
	- appleskin 3.0.6+mc1.21.6
	- architectury 17.0.8
	- async 0.1.7+alpha.7-1.21.8
	   |-- com_electronwill_night-config_core 3.8.1
	   |-- com_electronwill_night-config_toml 3.8.1
	   \-- mixinsquared 0.3.3
	- async-pack-scan 0.2.11
	- badoptimizations 2.3.0
	- boatview360 1.0.3
	   \-- conditional-mixin 0.6.4
	- breakfree 1.4.0
	- c2me 0.3.5+alpha.0.8+1.21.8
	   |-- c2me-base 0.3.5+alpha.0.8+1.21.8
	   |-- c2me-client-uncapvd 0.3.5+alpha.0.8+1.21.8
	   |-- c2me-fixes-chunkio-threading-issues 0.3.5+alpha.0.8+1.21.8
	   |-- c2me-fixes-general-threading-issues 0.3.5+alpha.0.8+1.21.8
	   |-- c2me-fixes-worldgen-threading-issues 0.3.5+alpha.0.8+1.21.8
	   |-- c2me-fixes-worldgen-vanilla-bugs 0.3.5+alpha.0.8+1.21.8
	   |-- c2me-notickvd 0.3.5+alpha.0.8+1.21.8
	   |-- c2me-opts-allocs 0.3.5+alpha.0.8+1.21.8
	   |-- c2me-opts-chunkio 0.3.5+alpha.0.8+1.21.8
	   |-- c2me-opts-dfc 0.3.5+alpha.0.8+1.21.8
	   |-- c2me-opts-math 0.3.5+alpha.0.8+1.21.8
	   |-- c2me-opts-scheduling 0.3.5+alpha.0.8+1.21.8
	   |-- c2me-opts-worldgen-general 0.3.5+alpha.0.8+1.21.8
	   |-- c2me-opts-worldgen-vanilla 0.3.5+alpha.0.8+1.21.8
	   |-- c2me-rewrites-chunk-serializer 0.3.5+alpha.0.8+1.21.8
	   |-- c2me-rewrites-chunk-system 0.3.5+alpha.0.8+1.21.8
	   |-- c2me-rewrites-chunkio 0.3.5+alpha.0.8+1.21.8
	   |-- c2me-server-utils 0.3.5+alpha.0.8+1.21.8
	   |-- c2me-threading-lighting 0.3.5+alpha.0.8+1.21.8
	   |-- com_ibm_async_asyncutil 0.1.0
	   |-- io_reactivex_rxjava3_rxjava 3.1.8
	   |-- net_objecthunter_exp4j 0.4.8
	   |-- org_jctools_jctools-core 4.0.5
	   \-- org_reactivestreams_reactive-streams 1.0.4
	- capes 1.5.9+1.21.8
	- cloth-config 19.0.147
	   \-- cloth-basic-math 0.6.1
	- continuity 3.0.1-beta.1+1.21.6
	- cullleaves 4.0.5
	   \-- midnightlib 1.7.4
	- dark-loading-screen 1.6.17
	- entity_model_features 3.0.1
	- entity_texture_features 7.0.2
	   \-- org_apache_httpcomponents_httpmime 4.5.10
	- entityculling 1.8.2
	   |-- transition 1.0.3
	   \-- trender 1.0.5
	- fabric-api 0.133.4+1.21.8
	   \-- fabric-serialization-api-v1 1.0.0+fc0e5aba2c
	- fabric-api-base 0.4.64+9ec45cd8f3
	- fabric-api-lookup-api-v1 1.6.100+946bf4c3f3
	- fabric-biome-api-v1 16.0.11+946bf4c3f3
	- fabric-block-api-v1 1.1.3+946bf4c3f3
	- fabric-block-view-api-v2 1.0.31+946bf4c3f3
	- fabric-client-gametest-api-v1 4.2.5+8a98c3fcf3
	- fabric-command-api-v2 2.2.53+946bf4c3f3
	- fabric-content-registries-v0 10.0.18+946bf4c3f3
	- fabric-convention-tags-v1 2.1.40+7f945d5bf3
	- fabric-convention-tags-v2 2.15.5+eb5df52ff3
	- fabric-crash-report-info-v1 0.3.15+946bf4c3f3
	- fabric-data-attachment-api-v1 1.8.10+946bf4c3f3
	- fabric-data-generation-api-v1 23.2.4+55e55d29f3
	- fabric-dimensions-v1 4.0.19+946bf4c3f3
	- fabric-entity-events-v1 2.1.1+c9e47273f3
	- fabric-events-interaction-v0 4.0.23+946bf4c3f3
	- fabric-game-rule-api-v1 1.0.73+c64c9c5bf3
	- fabric-gametest-api-v1 3.1.9+39ce47f5f3
	- fabric-item-api-v1 11.4.3+946bf4c3f3
	- fabric-item-group-api-v1 4.2.13+946bf4c3f3
	- fabric-key-binding-api-v1 1.0.65+946bf4c3f3
	- fabric-language-kotlin 1.13.6+kotlin.2.2.20
	   |-- org_jetbrains_kotlin_kotlin-reflect 2.2.20
	   |-- org_jetbrains_kotlin_kotlin-stdlib 2.2.20
	   |-- org_jetbrains_kotlin_kotlin-stdlib-jdk7 2.2.20
	   |-- org_jetbrains_kotlin_kotlin-stdlib-jdk8 2.2.20
	   |-- org_jetbrains_kotlinx_atomicfu-jvm 0.29.0
	   |-- org_jetbrains_kotlinx_kotlinx-coroutines-core-jvm 1.10.2
	   |-- org_jetbrains_kotlinx_kotlinx-coroutines-jdk8 1.10.2
	   |-- org_jetbrains_kotlinx_kotlinx-datetime-jvm 0.7.1
	   |-- org_jetbrains_kotlinx_kotlinx-io-bytestring-jvm 0.8.0
	   |-- org_jetbrains_kotlinx_kotlinx-io-core-jvm 0.8.0
	   |-- org_jetbrains_kotlinx_kotlinx-serialization-cbor-jvm 1.9.0
	   |-- org_jetbrains_kotlinx_kotlinx-serialization-core-jvm 1.9.0
	   \-- org_jetbrains_kotlinx_kotlinx-serialization-json-jvm 1.9.0
	- fabric-lifecycle-events-v1 2.6.3+db4dfd85f3
	- fabric-loot-api-v2 3.0.55+3f89f5a5f3
	- fabric-loot-api-v3 2.0.2+946bf4c3f3
	- fabric-message-api-v1 6.1.1+946bf4c3f3
	- fabric-model-loading-api-v1 5.2.5+946bf4c3f3
	- fabric-networking-api-v1 5.0.1+946bf4c3f3
	- fabric-object-builder-api-v1 21.1.7+946bf4c3f3
	- fabric-particles-v1 4.1.7+946bf4c3f3
	- fabric-recipe-api-v1 8.1.14+946bf4c3f3
	- fabric-registry-sync-v0 6.1.27+946bf4c3f3
	- fabric-renderer-api-v1 7.0.2+946bf4c3f3
	- fabric-renderer-indigo 4.0.2+946bf4c3f3
	- fabric-rendering-fluids-v1 3.1.30+fa6cb72bf3
	- fabric-rendering-v1 12.4.0+e8d43c76f3
	- fabric-resource-conditions-api-v1 5.0.24+946bf4c3f3
	- fabric-resource-loader-v0 3.1.11+946bf4c3f3
	- fabric-screen-api-v1 2.1.0+277ecf7df3
	- fabric-screen-handler-api-v1 1.3.136+946bf4c3f3
	- fabric-sound-api-v1 1.0.42+946bf4c3f3
	- fabric-tag-api-v1 1.2.1+946bf4c3f3
	- fabric-transfer-api-v1 6.0.5+946bf4c3f3
	- fabric-transitive-access-wideners-v1 6.4.1+ac3e15d1f3
	- fabricloader 0.17.2
	- fancymenu 3.7.1
	   |-- com_github_keksuccino_japng 0.5.3
	   \-- com_github_rtyley_animated-gif-lib-for-java animated-gif-lib-1.7
	- fastipping 1.0.7
	- fastquit 3.1.1+mc1.21.6
	- ferritecore 8.0.0
	- freelook 1.2.5
	- fzzy_config 0.7.2+1.21.6
	   |-- blue_endless_jankson 1.2.3
	   |-- fabric-permissions-api-v0 0.4.0
	   \-- net_peanuuutz_tomlkt_tomlkt-jvm 0.3.7
	- graph_waypoints 1.0.5
	- ias 9.0.5
	- immediatelyfast 1.12.1+1.21.8
	- iris 1.9.1+mc1.21.7
	   |-- io_github_douira_glsl-transformer 2.0.1
	   |-- org_anarres_jcpp 1.4.14
	   \-- org_antlr_antlr4-runtime 4.13.1
	- java 21
	- konkrete 1.9.12
	- krypton 0.2.9
	   \-- com_velocitypowered_velocity-native 3.4.0-SNAPSHOT
	- languagereload 1.7.4+1.21.6
	- libipn 6.5.2
	- libjf 3.19.2
	   |-- libjf-base 3.19.2
	   |-- libjf-config-commands 3.19.2
	   |-- libjf-config-core-v2 3.19.2
	   |-- libjf-config-network-v0 3.19.2
	   |-- libjf-config-ui-tiny 3.19.2
	   |-- libjf-data-manipulation-v0 3.19.2
	   |-- libjf-data-v0 3.19.2
	   |-- libjf-mainhttp-v0 3.19.2
	   |-- libjf-resource-pack-entry-widgets-v0 3.19.2
	   |-- libjf-translate-v1 3.19.2
	   |-- libjf-unsafe-v0 3.19.2
	   \-- libjf-web-v1 3.19.2
	- lithium 0.18.0+mc1.21.8
	- melody 1.0.12
	- minecraft 1.21.8
	- mixinextras 0.5.0
	- mod-loading-screen 1.0.5
	   \-- com_formdev_flatlaf 3.5.4
	- modelfix 1.21.5-1.12
	- modid 1.0.0
	- modmenu 15.0.0
	- moreculling 1.4.0-beta.1
	- optigui 2.3.0-beta.8+1.21.6
	   |-- org_apache_commons_commons-text 1.12.0
	   \-- org_ini4j_ini4j 0.5.4
	- particle_core 0.2.6+1.21.6
	- placeholder-api 2.7.2+1.21.8
	- polytone 1.21.8-3.5.3-alpha
	   \-- net_objecthunter_exp4j 0.4.8
	- reeses-sodium-options 1.8.4+mc1.21.6
	- resourcify 1.7.4
	- rpc 1.2.2
	- scalablelux 0.1.5.1+fabric.abdeefa
	- serverpingerfixer 1.0.5
	- sodium 0.6.13+mc1.21.6
	- sodium-extra 0.6.6+mc1.21.6
	- sodiumcoreshadersupport 1.3.8
	- sodiumextrainformation 2.6.1
	- sspb 5.0.0
	- viafabricplus 4.2.4
	   |-- com_github_oryxel_cubeconverter 916cadb12a
	   |-- com_vdurmont_semver4j 3.1.0
	   |-- com_viaversion_mcstructs_dialog 5-3.1.1-SNAPSHOT
	   |-- com_viaversion_mcstructs_registry 5-3.1.1-SNAPSHOT
	   |-- com_viaversion_viaaprilfools-common 4.0.3
	   |-- com_viaversion_viabackwards-common 5.4.3-20250803.073716-2
	   |-- com_viaversion_vialoader 4.0.5-20250802.204317-8
	   |-- com_viaversion_viaversion-common 5.5.0-20250805.072112-10
	   |-- de_florianmichael_classic4j 2.1.1-SNAPSHOT
	   |-- io_jsonwebtoken_jjwt-api 0.12.6
	   |-- io_jsonwebtoken_jjwt-gson 0.12.6
	   |-- io_jsonwebtoken_jjwt-impl 0.12.6
	   |-- io_netty_netty-codec-compression 4.2.3
	   |-- io_netty_netty-codec-http 4.2.3
	   |-- net_jodah_expiringmap 0.5.10
	   |-- net_lenni0451_commons_httpclient 1.6.0
	   |-- net_lenni0451_mcstructs-bedrock_forms 2.0.1
	   |-- net_lenni0451_mcstructs-bedrock_text 2.0.1
	   |-- net_lenni0451_reflect 1.5.0
	   |-- net_raphimc_minecraftauth 4.1.1
	   |-- net_raphimc_viabedrock 0.0.21-20250807.215943-1
	   |-- net_raphimc_vialegacy 3.0.10
	   |-- org_cloudburstmc_netty_netty-transport-raknet 1.0.0.CR3-SNAPSHOT
	   |-- org_lz4_lz4-pure-java 1.8.0
	   |-- team_unnamed_mocha 3.0.1
	   |-- viafabricplus-api 4.2.4
	   \-- viafabricplus-visuals 4.2.4
	- vmp 0.2.0+beta.7.207+1.21.8
	   \-- com_ibm_async_asyncutil 0.1.0
	- yet_another_config_lib_v3 3.7.1+1.21.6-fabric
	   |-- com_twelvemonkeys_common_common-image 3.12.0
	   |-- com_twelvemonkeys_common_common-io 3.12.0
	   |-- com_twelvemonkeys_common_common-lang 3.12.0
	   |-- com_twelvemonkeys_imageio_imageio-core 3.12.0
	   |-- com_twelvemonkeys_imageio_imageio-metadata 3.12.0
	   |-- com_twelvemonkeys_imageio_imageio-webp 3.12.0
	   |-- org_quiltmc_parsers_gson 0.2.1
	   \-- org_quiltmc_parsers_json 0.2.1
	- zoomify 2.14.4+1.21.6
	   \-- com_akuleshov7_ktoml-core-jvm 0.5.2
[10:16:31] [pool-2-thread-5/WARN] (FabricLoader/ModRemap) Cannot remap renderSingleBlock because it does not exists in any of the targets [net/minecraft/class_776]
[10:16:31] [pool-2-thread-1/WARN] (FabricLoader/ModRemap) Cannot remap lambda$addSkyPass$13 because it does not exists in any of the targets [net/minecraft/class_761]
[10:16:31] [pool-2-thread-5/WARN] (FabricLoader/ModRemap) Cannot remap lambda$addSkyPass$13 because it does not exists in any of the targets [net/minecraft/class_761]
[10:16:31] [pool-2-thread-3/WARN] (FabricLoader/ModRemap) Cannot remap lambda$addMainPass$3 because it does not exists in any of the targets [net/minecraft/class_761]
[10:16:31] [pool-2-thread-10/WARN] (FabricLoader/ModRemap) Cannot remap renderOffsetShadow because it does not exists in any of the targets [net/minecraft/class_898]
[10:16:31] [pool-2-thread-6/WARN] (FabricLoader/ModRemap) Cannot remap lambda$tick$3 because it does not exists in any of the targets [net/minecraft/class_4897]
[10:16:31] [pool-2-thread-2/WARN] (FabricLoader/ModRemap) Cannot remap lambda$addMainPass$3 because it does not exists in any of the targets [net/minecraft/class_761]
[10:16:31] [pool-2-thread-2/WARN] (FabricLoader/ModRemap) Cannot remap lambda$addMainPass$3 because it does not exists in any of the targets [net/minecraft/class_761]
[10:16:31] [pool-2-thread-2/WARN] (FabricLoader/ModRemap) Cannot remap lambda$addMainPass$3 because it does not exists in any of the targets [net/minecraft/class_761]
[10:16:31] [pool-2-thread-9/WARN] (FabricLoader/ModRemap) Cannot remap lambda$updateBlockEntityTicker$7 because it does not exists in any of the targets [net/minecraft/class_2818]
[10:16:31] [pool-2-thread-9/WARN] (FabricLoader/ModRemap) Cannot remap lambda$updateBlockEntityTicker$7 because it does not exists in any of the targets [net/minecraft/class_2818]
[10:16:31] [pool-2-thread-3/WARN] (FabricLoader/ModRemap) Cannot remap push because it does not exists in any of the targets [net/minecraft/class_287]
[10:16:31] [pool-2-thread-4/WARN] (FabricLoader/ModRemap) Cannot remap getHeldItem because it does not exists in any of the targets [net/minecraft/class_3727]
[10:16:31] [pool-2-thread-5/WARN] (FabricLoader/ModRemap) Cannot remap lambda$create$5 because it does not exists in any of the targets [net/minecraft/class_4246]
[10:16:31] [pool-2-thread-5/WARN] (FabricLoader/ModRemap) Cannot remap lambda$create$8 because it does not exists in any of the targets [net/minecraft/class_4246]
[10:16:31] [pool-2-thread-10/WARN] (FabricLoader/ModRemap) Cannot remap lambda$addSkyPass$13 because it does not exists in any of the targets [net/minecraft/class_761]
[10:16:31] [pool-2-thread-10/WARN] (FabricLoader/ModRemap) Cannot remap lambda$addSkyPass$13 because it does not exists in any of the targets [net/minecraft/class_761]
[10:16:31] [pool-2-thread-10/WARN] (FabricLoader/ModRemap) Cannot remap lambda$addCloudsPass$7 because it does not exists in any of the targets [net/minecraft/class_761]
[10:16:31] [pool-2-thread-10/WARN] (FabricLoader/ModRemap) Cannot remap lambda$addCloudsPass$7 because it does not exists in any of the targets [net/minecraft/class_761]
[10:16:31] [pool-2-thread-10/WARN] (FabricLoader/ModRemap) Cannot remap lambda$addMainPass$3 because it does not exists in any of the targets [net/minecraft/class_761]
[10:16:31] [pool-2-thread-10/WARN] (FabricLoader/ModRemap) Cannot remap lambda$addWeatherPass$8 because it does not exists in any of the targets [net/minecraft/class_761]
[10:16:31] [pool-2-thread-10/WARN] (FabricLoader/ModRemap) Cannot remap lambda$addWeatherPass$8 because it does not exists in any of the targets [net/minecraft/class_761]
[10:16:31] [pool-2-thread-10/WARN] (FabricLoader/ModRemap) Cannot remap lambda$addWeatherPass$8 because it does not exists in any of the targets [net/minecraft/class_761]
[10:16:31] [pool-2-thread-10/WARN] (FabricLoader/ModRemap) Cannot remap lambda$addMainPass$3 because it does not exists in any of the targets [net/minecraft/class_761]
[10:16:31] [pool-2-thread-10/WARN] (FabricLoader/ModRemap) Cannot remap lambda$addMainPass$3 because it does not exists in any of the targets [net/minecraft/class_761]
[10:16:31] [pool-2-thread-10/WARN] (FabricLoader/ModRemap) Cannot remap lambda$addMainPass$3 because it does not exists in any of the targets [net/minecraft/class_761]
[10:16:31] [pool-2-thread-1/WARN] (FabricLoader/ModRemap) Cannot remap lambda$reload$3 because it does not exists in any of the targets [net/minecraft/class_1060]
[10:16:31] [pool-2-thread-3/WARN] (FabricLoader/ModRemap) Cannot remap iterateVisibleBlockEntities because it does not exists in any of the targets [net/minecraft/class_761]
[10:16:31] [pool-2-thread-1/WARN] (FabricLoader/ModRemap) Cannot remap lambda$init$2 because it does not exists in any of the targets [net/minecraft/class_429]
[10:16:31] [pool-2-thread-5/WARN] (FabricLoader/ModRemap) Cannot remap getRenderLayers because it does not exists in any of the targets [net/minecraft/class_4696]
[10:16:31] [pool-2-thread-6/WARN] (FabricLoader/ModRemap) Cannot remap sodium$setActive because it does not exists in any of the targets [net/minecraft/class_7764]
[10:16:36] [main/INFO] (FabricLoader/Mixin) SpongePowered MIXIN Subsystem Version=0.8.7 Source=file:/Users/ericmiller29/.gradle/caches/modules-2/files-2.1/net.fabricmc/sponge-mixin/0.16.3+mixin.0.8.7/3e535042688d1265447e52ad86950b7d9678a5fa/sponge-mixin-0.16.3+mixin.0.8.7.jar Service=Knot/Fabric Env=CLIENT
[10:16:36] [main/INFO] (FabricLoader/Mixin) Loaded Fabric development mappings for mixin remapper!
[10:16:36] [main/INFO] (FabricLoader/Mixin) Compatibility level set to JAVA_17
[10:16:36] [main/INFO] (FabricLoader/Mixin) Compatibility level set to JAVA_21
[10:16:36] [main/WARN] (FabricLoader/Mixin) Reference map 'yet_another_config_lib_v3.refmap.json' for yacl.mixins.json could not be read. If this is a development environment you can ignore this message
[10:16:36] [main/WARN] (FabricLoader/Mixin) Reference map 'yet_another_config_lib_v3.refmap.json' for yacl-fabric.mixins.json could not be read. If this is a development environment you can ignore this message
[10:16:36] [main/INFO] (C2ME Modules Manager) Initializing com.ishland.c2me.opts.math.mixin
[10:16:36] [main/INFO] (C2ME Modules Manager) Initializing com.ishland.c2me.notickvd.mixin
[10:16:36] [main/INFO] (C2ME Config System) Global Executor Parallelism: 5 configured, 5 evaluated, 5 default evaluated
[10:16:36] [main/INFO] (C2ME Modules Manager) Initializing com.ishland.c2me.opts.worldgen.vanilla.mixin
[10:16:36] [main/INFO] (C2ME Modules Manager) Initializing com.ishland.c2me.fixes.worldgen.vanilla_bugs.mixin
[10:16:36] [main/WARN] (FabricLoader/Mixin) Reference map 'anvianslib.refmap.json' for anvianslib.mixins.json could not be read. If this is a development environment you can ignore this message
[10:16:36] [main/WARN] (FabricLoader/Mixin) Reference map 'anvianslib.refmap.json' for anvianslib.fabric.mixins.json could not be read. If this is a development environment you can ignore this message
[10:16:36] [main/INFO] (C2ME Modules Manager) Initializing com.ishland.c2me.rewrites.chunkio.mixin
[10:16:36] [main/INFO] (C2ME Modules Manager) Initializing com.ishland.c2me.opts.allocs.mixin
[10:16:36] [main/INFO] (C2ME Modules Manager) Initializing com.ishland.c2me.opts.chunkio.mixin
[10:16:36] [main/INFO] (BadOptimizations) Config version: 4
[10:16:36] [main/INFO] (BadOptimizations) BadOptimizations config dump:
[10:16:36] [main/INFO] (BadOptimizations) enable_toast_optimizations: true
[10:16:36] [main/INFO] (BadOptimizations) ignore_mod_incompatibilities: false
[10:16:36] [main/INFO] (BadOptimizations) lightmap_time_change_needed_for_update: 80
[10:16:36] [main/INFO] (BadOptimizations) enable_lightmap_caching: true
[10:16:36] [main/INFO] (BadOptimizations) enable_particle_manager_optimization: true
[10:16:36] [main/INFO] (BadOptimizations) enable_entity_renderer_caching: true
[10:16:36] [main/INFO] (BadOptimizations) log_config: true
[10:16:36] [main/INFO] (BadOptimizations) enable_remove_redundant_fov_calculations: true
[10:16:36] [main/INFO] (BadOptimizations) config_version: 4
[10:16:36] [main/INFO] (BadOptimizations) enable_sky_angle_caching_in_worldrenderer: true
[10:16:36] [main/INFO] (BadOptimizations) enable_block_entity_renderer_caching: true
[10:16:36] [main/INFO] (BadOptimizations) skycolor_time_change_needed_for_update: 3
[10:16:36] [main/INFO] (BadOptimizations) enable_entity_flag_caching: true
[10:16:36] [main/INFO] (BadOptimizations) enable_debug_renderer_disable_if_not_needed: true
[10:16:36] [main/INFO] (BadOptimizations) enable_sky_color_caching: true
[10:16:36] [main/INFO] (BadOptimizations) enable_remove_tutorial_if_not_demo: true
[10:16:36] [main/INFO] (BadOptimizations) show_f3_text: true
[10:16:36] [main/INFO] (BadOptimizations) Disabling enable_lightmap_caching because mod "polytone" is incompatible with it (built-in)
[10:16:36] [main/INFO] (BadOptimizations) Disabling enable_sky_color_caching because mod "polytone" is incompatible with it (built-in)
[10:16:36] [main/INFO] (C2ME Modules Manager) Initializing com.ishland.c2me.threading.lighting.mixin
[10:16:36] [main/INFO] (C2ME Modules Manager) Initializing com.ishland.c2me.fixes.chunkio.threading_issues.mixin
[10:16:36] [main/INFO] (C2ME Modules Manager) Initializing com.ishland.c2me.fixes.general.threading_issues.mixin
[10:16:36] [main/INFO] (C2ME Modules Manager) Initializing com.ishland.c2me.opts.worldgen.general.mixin
[10:16:36] [main/INFO] (C2ME Modules Manager) Initializing com.ishland.c2me.rewrites.chunk_serializer.mixin
[10:16:36] [main/INFO] (C2ME Config System) Disabling config ioSystem.gcFreeChunkSerializer: Incompatible with architectury@17.0.8 (*) (defined in c2me)
[10:16:36] [main/INFO] (C2ME Modules Manager) Disabling com.ishland.c2me.rewrites.chunk_serializer.mixin
[10:16:36] [main/INFO] (Sodium Extra Config) Loaded configuration file for Sodium Extra: 33 options available, 0 override(s) found
[10:16:36] [main/INFO] (C2ME Modules Manager) Initializing com.ishland.c2me.server.utils.mixin
[10:16:36] [main/INFO] (C2ME Modules Manager) Initializing com.ishland.c2me.fixes.worldgen.threading_issues.mixin
[10:16:36] [main/INFO] (Sodium) Loaded configuration file for Sodium: 43 options available, 1 override(s) found
[10:16:36] [main/WARN] (FabricLoader/Mixin) Reference map 'iris.refmap.json' for mixins.iris.json could not be read. If this is a development environment you can ignore this message
[10:16:36] [main/WARN] (FabricLoader/Mixin) Reference map 'iris-fabric.refmap.json' for mixins.iris.fabric.json could not be read. If this is a development environment you can ignore this message
[10:16:36] [main/WARN] (FabricLoader/Mixin) Reference map 'iris.refmap.json' for iris-batched-entity-rendering.mixins.json could not be read. If this is a development environment you can ignore this message
[10:16:36] [main/WARN] (FabricLoader/Mixin) Reference map 'iris.refmap.json' for mixins.iris.fantastic.json could not be read. If this is a development environment you can ignore this message
[10:16:36] [main/WARN] (FabricLoader/Mixin) Reference map 'iris.refmap.json' for mixins.iris.vertexformat.json could not be read. If this is a development environment you can ignore this message
[10:16:36] [main/WARN] (FabricLoader/Mixin) Reference map 'iris.refmap.json' for mixins.iris.bettermipmaps.json could not be read. If this is a development environment you can ignore this message
[10:16:36] [main/WARN] (FabricLoader/Mixin) Reference map 'iris.refmap.json' for mixins.iris.compat.sodium.json could not be read. If this is a development environment you can ignore this message
[10:16:36] [main/WARN] (FabricLoader/Mixin) Reference map 'iris.refmap.json' for mixins.iris.fixes.maxfpscrash.json could not be read. If this is a development environment you can ignore this message
[10:16:37] [main/INFO] (AsyncAppenderBootstrap) Successfully started async appender with [SysOut, ServerGuiConsole, LatestFile, DebugFile]
[10:16:37] [main/INFO] (C2ME Modules Manager) Initializing com.ishland.c2me.opts.scheduling.mixin
[10:16:37] [main/INFO] (C2ME Modules Manager) Initializing com.ishland.c2me.base.mixin
[10:16:37] [main/INFO] (C2ME Modules Manager) Initializing com.ishland.c2me.opts.dfc.mixin
[10:16:37] [main/INFO] (C2ME Modules Manager) Initializing com.ishland.c2me.client.uncapvd.mixin
[10:16:37] [main/INFO] (C2ME Modules Manager) Initializing com.ishland.c2me.rewrites.chunksystem.mixin
[10:16:37] [main/WARN] (LithiumConfig) Mod 'ferritecore' attempted to override option 'mixin.alloc.blockstate', which doesn't exist, ignoring
[10:16:37] [main/INFO] (Lithium) Loaded configuration file for Lithium: 160 options available, 1 override(s) found.
[10:16:37] [main/WARN] (FabricLoader/Mixin) Error loading class: dev/tr7zw/skinlayers/render/CustomizableModelPart (java.lang.ClassNotFoundException: dev/tr7zw/skinlayers/render/CustomizableModelPart)
[10:16:37] [main/WARN] (Sodium) Force-disabling mixin 'features.render.world.sky.FogRendererMixin' as rule 'mixin.features.render.world.sky' (added by mods [iris]) disables it and children
[10:16:37] [main/WARN] (Sodium) Force-disabling mixin 'features.render.world.sky.ClientLevelMixin' as rule 'mixin.features.render.world.sky' (added by mods [iris]) disables it and children
[10:16:37] [main/WARN] (Sodium) Force-disabling mixin 'features.render.world.sky.LevelRendererMixin' as rule 'mixin.features.render.world.sky' (added by mods [iris]) disables it and children
[10:16:38] [main/WARN] (FabricLoader/Mixin) Error loading class: me/jellysquid/mods/sodium/client/gui/SodiumGameOptionPages (java.lang.ClassNotFoundException: me/jellysquid/mods/sodium/client/gui/SodiumGameOptionPages)
[10:16:38] [main/WARN] (FabricLoader/Mixin) Error loading class: net/caffeinemc/sodium/config/user/UserConfigCategories (java.lang.ClassNotFoundException: net/caffeinemc/sodium/config/user/UserConfigCategories)
[10:16:38] [main/WARN] (FabricLoader/Mixin) Error loading class: net/vulkanmod/config/option/Options (java.lang.ClassNotFoundException: net/vulkanmod/config/option/Options)
[10:16:38] [main/INFO] (Lithium) Force-disabling mixin 'alloc.chunk_random.LevelMixin' as rule 'mixin.alloc.chunk_random' (added by mods [async]) disables it and children
[10:16:38] [main/INFO] (Lithium) Force-disabling mixin 'alloc.chunk_random.ServerLevelMixin' as rule 'mixin.alloc.chunk_random' (added by mods [async]) disables it and children
[10:16:38] [main/WARN] (FabricLoader/Mixin) Error loading class: org/jetbrains/annotations/ApiStatus$Internal (java.lang.ClassNotFoundException: org/jetbrains/annotations/ApiStatus$Internal)
[10:16:38] [main/WARN] (FabricLoader/Mixin) Error loading class: me/jellysquid/mods/sodium/client/gui/SodiumGameOptionPages (java.lang.ClassNotFoundException: me/jellysquid/mods/sodium/client/gui/SodiumGameOptionPages)
[10:16:38] [main/WARN] (FabricLoader/Mixin) Error loading class: net/caffeinemc/sodium/config/user/UserConfigCategories (java.lang.ClassNotFoundException: net/caffeinemc/sodium/config/user/UserConfigCategories)
[10:16:38] [main/WARN] (FabricLoader/Mixin) Error loading class: me/jellysquid/mods/sodium/client/gui/SodiumGameOptionPages (java.lang.ClassNotFoundException: me/jellysquid/mods/sodium/client/gui/SodiumGameOptionPages)
[10:16:38] [main/WARN] (FabricLoader/Mixin) Error loading class: net/caffeinemc/sodium/config/user/UserConfigCategories (java.lang.ClassNotFoundException: net/caffeinemc/sodium/config/user/UserConfigCategories)
[10:16:38] [main/INFO] (libjf) Registering config for libjf-translate-v1
[10:16:38] [main/INFO] (libjf) Registering config for libjf-web-v1
[10:16:38] [main/INFO] (Sodium-GraphicsAdapterProbe) Searching for graphics cards...
[10:16:38] [main/INFO] (FabricLoader/MixinExtras|Service) Initializing MixinExtras via com.llamalad7.mixinextras.service.MixinExtrasServiceImpl(version=0.5.0).
[10:16:39] [Datafixer Bootstrap/INFO] (Minecraft) 269 Datafixer optimizations took 289 milliseconds
[10:16:40] [main/WARN] (FabricLoader/Mixinsquared-canceller) Cancelled mixin com.ishland.c2me.fixes.worldgen.threading_issues.mixin.threading_detections.random_instances.MixinWorld. Check debug logs for more information.
[10:16:43] [Render thread/INFO] (Minecraft) Environment: Environment[sessionHost=https://sessionserver.mojang.com, servicesHost=https://api.minecraftservices.com, name=PROD]
[10:16:43] [Render thread/INFO] (Minecraft) Setting user: Player437
[10:16:44] [Via-Mappingloader-0/INFO] (ViaVersion) Loading block connection mappings ...
[10:16:44] [Via-Mappingloader-0/INFO] (ViaVersion) Using FastUtil Long2ObjectOpenHashMap for block connections
[10:16:44] [Render thread/INFO] (FastIpPingMod) ping & connect fast!
[10:16:44] [Render thread/INFO] (FancyMenu) [FANCYMENU] Loading v3.7.1 in client-side mode on FABRIC!
[10:16:44] [Render thread/INFO] (GraphCommandsMod) Waypoints Mod initialized (server)!
[10:16:44] [Worker-Main-1/INFO] (ViaBackwards) Loading translations...
[10:16:44] [Worker-Main-1/INFO] (ViaBackwards) Registering protocols...
[10:16:44] [Render thread/INFO] (KryptonSharedInitializer) Compression will use libdeflate (macOS ARM64 / Apple Silicon), encryption will use native (macOS ARM64 / Apple Silicon)
[10:16:44] [Render thread/INFO] (Melody) [MELODY] Loading v1.0.12 on FABRIC...
[10:16:44] [Render thread/INFO] (modid) Hello Fabric world!
[10:16:44] [Render thread/INFO] (AsyncFabric) Initializing Async...
[10:16:44] [Render thread/INFO] (Async Config) Initializing Async Config...
[10:16:44] [Render thread/INFO] (Async Config) Configuration successfully loaded.
[10:16:44] [Render thread/INFO] (AsyncFabric) Async Initialized Successfully!
[10:16:44] [Render thread/INFO] (Konkrete) [KONKRETE] Loading v1.9.12 in client-side mode on FABRIC!
[10:16:44] [Render thread/INFO] (Konkrete) ---------------------------
[10:16:44] [Render thread/INFO] (Konkrete) KONKRETE SHIPS AND USES THE FOLLOWING LIBRARIES:
[10:16:44] [Render thread/INFO] (Konkrete)  
[10:16:44] [Render thread/INFO] (Konkrete) Open Imaging Copyright © 2014 Dhyan Blum.
[10:16:44] [Render thread/INFO] (Konkrete) Open Imaging is licensed under Apache-2.0.
[10:16:44] [Render thread/INFO] (Konkrete)  
[10:16:44] [Render thread/INFO] (Konkrete) JsonPath Copyright © 2017 Jayway.
[10:16:44] [Render thread/INFO] (Konkrete) JsonPath is licensed under Apache-2.0.
[10:16:44] [Render thread/INFO] (Konkrete)  
[10:16:44] [Render thread/INFO] (Konkrete) Json-smart Copyright © netplex.
[10:16:44] [Render thread/INFO] (Konkrete) Json-smart is licensed under Apache-2.0.
[10:16:44] [Render thread/INFO] (Konkrete)  
[10:16:44] [Render thread/INFO] (Konkrete) Exp4j Copyright © Frank Asseg.
[10:16:44] [Render thread/INFO] (Konkrete) Exp4j is licensed under Apache-2.0. https://github.com/fasseg/exp4j
[10:16:44] [Render thread/INFO] (Konkrete) ---------------------------
[10:16:44] [Render thread/INFO] (Konkrete) [KONKRETE] Server-side modules initialized and ready to use!
[10:16:44] [Render thread/INFO] (YetAnotherConfigLib) Deserializing YACLConfig from '/Users/ericmiller29/fabric-example-mod/VS-Client/run/config/yacl.json5'
[10:16:45] [Render thread/INFO] (libjf) Registering config for libjf-config-core-v2
[10:16:45] [Render thread/INFO] (Mod Menu/Update Checker) Checking mod updates...
[10:16:45] [ToggleableConfigWatchService/INFO] (libjf) Created config watch service
[10:16:45] [Worker-Main-1/INFO] (ViaBedrock) Started resource pack HTTP server on http://127.0.0.1:64742/
[10:16:45] [Render thread/INFO] (fzzy_config) Loaded config fzzy_config:keybinds in 205ms
[10:16:45] [Render thread/ERROR] (Anvian's Lib) Failed to send telemetry data from sodiumextrainformation
[10:16:45] [Render thread/INFO] (Sodium Core Shader Support) Hello from Common init on Fabric! we are currently in a development environment!
[10:16:45] [Render thread/INFO] (Sodium Core Shader Support) The ID for diamonds is minecraft:diamond
[10:16:45] [Render thread/INFO] (Sodium Core Shader Support) Sodium version 0.6.13+mc1.21.6
[10:16:45] [Worker-Main-1/INFO] (ViaVersion) ViaVersion detected lowest supported version by the proxy: c0.0.15a-1 (0)
[10:16:45] [Worker-Main-1/INFO] (ViaVersion) Highest supported version by the proxy: 1.21.7-1.21.8 (772)
[10:16:45] [Worker-Main-1/INFO] (Minecraft) Environment: Environment[sessionHost=https://sessionserver.mojang.com, servicesHost=https://api.minecraftservices.com, name=PROD]
[10:16:45] [Render thread/WARN] (Iris) Found *decent* program match for minecraft:polytone/pipeline/leash: TEXTURED
[10:16:45] [Render thread/WARN] (Iris) Found perfect program match for polytone:pipeline/additive_particle: PARTICLES_TRANS
[10:16:45] [Render thread/WARN] (Iris) Found fine program match for polytone:pipeline/additive_block: TEXT_BE
[10:16:45] [Render thread/INFO] (Entity Texture Features) [ETF]: Modifying ETF Render State constructor because: for EMF
[10:16:45] [Render thread/INFO] (EMF) Loading Entity Model Features, your third cousin's, dog's, previous owner's, uncle's, old boss's, fifth favourite mod!
[10:16:45] [Render thread/INFO] (Entity Texture Features) [ETF]: 6 new ETF Random Properties registered by entity_model_features
[10:16:45] [Render thread/INFO] (NetworkManagerImpl) Registering S2C receiver with id architectury:spawn_entity_packet
[10:16:45] [Render thread/INFO] (GraphCommandsMod) Waypoints Mod initialized (client)!
[10:16:45] [Render thread/INFO] (Indigo) [Indigo] Different rendering plugin detected; not applying Indigo.
[10:16:45] [Render thread/INFO] (Minecraft) [STDOUT]: [LibGui] Initializing Client...
[10:16:45] [Render thread/INFO] (Entity Texture Features) Loading Entity Texture Features, why does no one download Solid Mobs :(
[10:16:45] [Render thread/INFO] (IAS/IASMinecraft) IAS: Booting up... (version: 9.0.5, loader: Fabric, loader version: 0.17.2, game version: 1.21.8)
[10:16:45] [Render thread/INFO] (IAS) IAS: Initializing IAS...
[10:16:45] [Render thread/INFO] (IAS) IAS: IAS has been loaded.
[10:16:45] [Render thread/INFO] (KryptonClientInitializer) Krypton is now accelerating your Minecraft client's networking stack 🚀
[10:16:45] [Render thread/INFO] (KryptonClientInitializer) Note that Krypton is most effective on servers, not the client.
[10:16:45] [Render thread/INFO] (fzzy_config) Loaded config :particle_core_config in 14ms
[10:16:45] [Render thread/INFO] (SSPB) [SSPB] Broken dirt path lighting is best dirt path lighting lol
[10:16:46] [Via Async Scheduler 0/INFO] (ViaVersion) Finished mapping loading, shutting down loader executor.
[10:16:46] [Render thread/INFO] (Capes) Trying to read config file...
[10:16:46] [Render thread/INFO] (Capes) A config file was found, loading it..
[10:16:46] [Render thread/INFO] (Capes) Successfully loaded config file.
[10:16:46] [Render thread/INFO] (FastQuit) [FastQuit] Initialized
[10:16:46] [Render thread/INFO] (Model Fix) Loaded config modelfix-client.json
[10:16:46] [Render thread/INFO] (Minecraft) Backend library: LWJGL version 3.3.3-snapshot
[10:16:46] [ForkJoinPool.commonPool-worker-1/WARN] (Iris) [Iris Update Check] This version doesn't have an update index, skipping.
[10:16:46] [Render thread/INFO] (ImmediatelyFast) Initializing ImmediatelyFast 1.12.1+1.21.8 on Apple M4 (Apple) with OpenGL 4.1 Metal - 89.4
[10:16:46] [Render thread/INFO] (ImmediatelyFast) Found Iris/Oculus 1.9.1+mc1.21.7. Enabling compatibility.
[10:16:46] [Render thread/INFO] (Minecraft) OpenGL Vendor: Apple
[10:16:46] [Render thread/INFO] (Minecraft) OpenGL Renderer: Apple M4
[10:16:46] [Render thread/INFO] (Minecraft) OpenGL Version: 4.1 Metal - 89.4
[10:16:46] [Render thread/INFO] (Iris) Debug functionality is disabled.
[10:16:46] [Render thread/INFO] (Iris) DSA support not detected.
[10:16:46] [Render thread/INFO] (Iris) Shaders are disabled because no valid shaderpack is selected
[10:16:46] [Render thread/INFO] (Minecraft) Using optional rendering extensions: 
[10:16:47] [Render thread/INFO] (Iris) Hardware information:
[10:16:47] [Render thread/INFO] (Iris) CPU: 10x Apple M4
[10:16:47] [Render thread/INFO] (Iris) GPU: Apple M4 (Supports OpenGL 4.1 Metal - 89.4)
[10:16:47] [Render thread/INFO] (Iris) OS: Mac OS X (15.6.1)
[10:16:47] [Render thread/INFO] (Minecraft) [FANCYMENU] Registering resource reload listener..
[10:16:47] [Render thread/INFO] (FabricLoader/Mixin) fancymenu.mixins.json:client.IMixinRealmsNotificationsScreen from mod fancymenu->@Accessor[FIELD_GETTER]::get_trialAvailable_FancyMenu()Z should be static as its target is
[10:16:47] [Render thread/INFO] (FabricLoader/Mixin) fancymenu.mixins.json:client.IMixinRealmsNotificationsScreen from mod fancymenu->@Accessor[FIELD_GETTER]::get_hasUnreadNews_FancyMenu()Z should be static as its target is
[10:16:47] [Render thread/INFO] (FabricLoader/Mixin) fancymenu.mixins.json:client.IMixinRealmsNotificationsScreen from mod fancymenu->@Accessor[FIELD_GETTER]::get_hasUnseenNotifications()Z should be static as its target is
[10:16:47] [Render thread/INFO] (Minecraft) Reloading ResourceManager: vanilla, fabric, animatica, appleskin, async-pack-scan, badoptimizations, boatview360, breakfree, c2me, capes, cloth-config, com_viaversion_viaaprilfools-common, com_viaversion_viabackwards-common, com_viaversion_viaversion-common, conditional-mixin, continuity, cullleaves, dark-loading-screen, entity_model_features, entity_texture_features, entityculling, fabric-api, fabric-api-base, fabric-api-lookup-api-v1, fabric-biome-api-v1, fabric-block-api-v1, fabric-block-view-api-v2, fabric-client-gametest-api-v1, fabric-command-api-v2, fabric-content-registries-v0, fabric-convention-tags-v1, fabric-convention-tags-v2, fabric-crash-report-info-v1, fabric-data-attachment-api-v1, fabric-data-generation-api-v1, fabric-dimensions-v1, fabric-entity-events-v1, fabric-events-interaction-v0, fabric-game-rule-api-v1, fabric-gametest-api-v1, fabric-item-api-v1, fabric-item-group-api-v1, fabric-key-binding-api-v1, fabric-language-kotlin, fabric-lifecycle-events-v1, fabric-loot-api-v2, fabric-loot-api-v3, fabric-message-api-v1, fabric-model-loading-api-v1, fabric-networking-api-v1, fabric-object-builder-api-v1, fabric-particles-v1, fabric-recipe-api-v1, fabric-registry-sync-v0, fabric-renderer-api-v1, fabric-renderer-indigo, fabric-rendering-fluids-v1, fabric-rendering-v1, fabric-resource-conditions-api-v1, fabric-resource-loader-v0, fabric-screen-api-v1, fabric-screen-handler-api-v1, fabric-serialization-api-v1, fabric-sound-api-v1, fabric-tag-api-v1, fabric-transfer-api-v1, fabric-transitive-access-wideners-v1, fabricloader, fancymenu, fastipping, fastquit, freelook, fzzy_config, graph_waypoints, ias, immediatelyfast, iris, krypton, languagereload, libipn, libjf, libjf-config-core-v2, libjf-config-network-v0, libjf-config-ui-tiny, libjf-data-v0, libjf-translate-v1, libjf-web-v1, lithium, midnightlib, mod-loading-screen, modid, modmenu, moreculling, net_raphimc_viabedrock, net_raphimc_vialegacy, optigui, particle_core, placeholder-api, polytone, reeses-sodium-options, resourcify, rpc, scalablelux, serverpingerfixer, sodium, sodium-extra, sodiumcoreshadersupport, sodiumextrainformation, sspb, trender, viafabricplus, viafabricplus-visuals, vmp, yet_another_config_lib_v3, zoomify
[10:16:47] [Worker-Main-8/INFO] (Minecraft) Found unifont_all_no_pua-16.0.03.hex, loading
[10:16:47] [Worker-Main-5/INFO] (Minecraft) Found unifont_pua-16.0.03.hex, loading
[10:16:47] [Render thread/INFO] (ScreenCustomization) [FANCYMENU] Initializing screen customization engine! Addons should NOT REGISTER TO REGISTRIES anymore now!
[10:16:48] [Worker-Main-2/INFO] (Sodium Core Shader Support) Loading shaders...
[10:16:48] [Worker-Main-2/INFO] (Minecraft) [STDOUT]: nameSpace: minecraft
[10:16:48] [Worker-Main-2/INFO] (Minecraft) [STDOUT]:     core/rendertype_water_mask.vsh: Default
[10:16:48] [Worker-Main-2/INFO] (Minecraft) [STDOUT]:     include/globals.glsl: Default
[10:16:48] [Worker-Main-2/INFO] (Minecraft) [STDOUT]:     core/rendertype_leash.vsh: Default
[10:16:48] [Worker-Main-2/INFO] (Minecraft) [STDOUT]:     post/rotscale.vsh: Default
[10:16:48] [Worker-Main-2/INFO] (Minecraft) [STDOUT]:     core/rendertype_translucent_moving_block.vsh: Default
[10:16:48] [Worker-Main-2/INFO] (Minecraft) [STDOUT]:     post/blit.vsh: Default
[10:16:48] [Worker-Main-2/INFO] (Minecraft) [STDOUT]:     core/position_color_tex_lightmap.fsh: Default
[10:16:48] [Worker-Main-2/INFO] (Minecraft) [STDOUT]:     core/rendertype_entity_decal.fsh: Default
[10:16:48] [Worker-Main-2/INFO] (Minecraft) [STDOUT]:     include/fog.glsl: Default
[10:16:48] [Worker-Main-2/INFO] (Minecraft) [STDOUT]:     core/panorama.fsh: Default
[10:16:48] [Worker-Main-2/INFO] (Minecraft) [STDOUT]:     post/bits.fsh: Default
[10:16:48] [Worker-Main-2/INFO] (Minecraft) [STDOUT]:     core/rendertype_water_mask.fsh: Default
[10:16:48] [Worker-Main-2/INFO] (Minecraft) [STDOUT]:     core/blit_screen.vsh: Default
[10:16:48] [Worker-Main-2/INFO] (Minecraft) [STDOUT]:     core/rendertype_end_portal.fsh: Default
[10:16:48] [Worker-Main-2/INFO] (Minecraft) [STDOUT]:     core/stars.vsh: Default
[10:16:48] [Worker-Main-2/INFO] (Minecraft) [STDOUT]:     core/rendertype_leash.fsh: Default
[10:16:48] [Worker-Main-2/INFO] (Minecraft) [STDOUT]:     core/terrain.fsh: Default
[10:16:48] [Worker-Main-2/INFO] (Minecraft) [STDOUT]:     post/entity_sobel.fsh: Default
[10:16:48] [Worker-Main-2/INFO] (Minecraft) [STDOUT]:     core/rendertype_translucent_moving_block.fsh: Default
[10:16:48] [Worker-Main-2/INFO] (Minecraft) [STDOUT]:     include/projection.glsl: Default
[10:16:48] [Worker-Main-2/INFO] (Minecraft) [STDOUT]:     core/gui.fsh: Default
[10:16:48] [Worker-Main-2/INFO] (Minecraft) [STDOUT]:     post/blur.vsh: Default
[10:16:48] [Worker-Main-2/INFO] (Minecraft) [STDOUT]:     post/entity_outline_box_blur.fsh: Default
[10:16:48] [Worker-Main-2/INFO] (Minecraft) [STDOUT]:     core/position_color_tex_lightmap.vsh: Default
[10:16:48] [Worker-Main-2/INFO] (Minecraft) [STDOUT]:     core/rendertype_beacon_beam.fsh: Default
[10:16:48] [Worker-Main-2/INFO] (Minecraft) [STDOUT]:     post/transparency.fsh: Default
[10:16:48] [Worker-Main-2/INFO] (Minecraft) [STDOUT]:     core/blit_screen.fsh: Default
[10:16:48] [Worker-Main-2/INFO] (Minecraft) [STDOUT]:     core/rendertype_clouds.fsh: Default
[10:16:48] [Worker-Main-2/INFO] (Minecraft) [STDOUT]:     core/rendertype_crumbling.vsh: Default
[10:16:48] [Worker-Main-2/INFO] (Minecraft) [STDOUT]:     core/sky.vsh: Default
[10:16:48] [Worker-Main-2/INFO] (Minecraft) [STDOUT]:     core/terrain.vsh: Default
[10:16:48] [Worker-Main-2/INFO] (Minecraft) [STDOUT]:     core/gui.vsh: Default
[10:16:48] [Worker-Main-2/INFO] (Minecraft) [STDOUT]:     post/color_convolve.fsh: Default
[10:16:48] [Worker-Main-2/INFO] (Minecraft) [STDOUT]:     core/position_color.vsh: Default
[10:16:48] [Worker-Main-2/INFO] (Minecraft) [STDOUT]:     core/rendertype_beacon_beam.vsh: Default
[10:16:48] [Worker-Main-2/INFO] (Minecraft) [STDOUT]:     include/dynamictransforms.glsl: Default
[10:16:48] [Worker-Main-2/INFO] (Minecraft) [STDOUT]:     post/invert.vsh: Default
[10:16:48] [Worker-Main-2/INFO] (Minecraft) [STDOUT]:     core/rendertype_text_see_through.fsh: Default
[10:16:48] [Worker-Main-2/INFO] (Minecraft) [STDOUT]:     core/rendertype_clouds.vsh: Default
[10:16:48] [Worker-Main-2/INFO] (Minecraft) [STDOUT]:     post/box_blur.fsh: Default
[10:16:48] [Worker-Main-2/INFO] (Minecraft) [STDOUT]:     post/blit.fsh: Default
[10:16:48] [Worker-Main-2/INFO] (Minecraft) [STDOUT]:     core/position_color.fsh: Default
[10:16:48] [Worker-Main-2/INFO] (Minecraft) [STDOUT]:     core/rendertype_item_entity_translucent_cull.fsh: Default
[10:16:48] [Worker-Main-2/INFO] (Minecraft) [STDOUT]:     core/position_tex_color.vsh: Default
[10:16:48] [Worker-Main-2/INFO] (Minecraft) [STDOUT]:     core/rendertype_text_background_see_through.fsh: Default
[10:16:48] [Worker-Main-2/INFO] (Minecraft) [STDOUT]:     core/rendertype_text_see_through.vsh: Default
[10:16:48] [Worker-Main-2/INFO] (Minecraft) [STDOUT]:     core/position_color_lightmap.vsh: Default
[10:16:48] [Worker-Main-2/INFO] (Minecraft) [STDOUT]:     core/rendertype_lightning.vsh: Default
[10:16:48] [Worker-Main-2/INFO] (Minecraft) [STDOUT]:     core/rendertype_entity_shadow.fsh: Default
[10:16:48] [Worker-Main-2/INFO] (Minecraft) [STDOUT]:     include/matrix.glsl: Default
[10:16:48] [Worker-Main-2/INFO] (Minecraft) [STDOUT]:     core/entity.vsh: Default
[10:16:48] [Worker-Main-2/INFO] (Minecraft) [STDOUT]:     core/rendertype_text.fsh: Default
[10:16:48] [Worker-Main-2/INFO] (Minecraft) [STDOUT]:     core/position.fsh: Default
[10:16:48] [Worker-Main-2/INFO] (Minecraft) [STDOUT]:     core/glint.fsh: Default
[10:16:48] [Worker-Main-2/INFO] (Minecraft) [STDOUT]:     core/position_tex_color.fsh: Default
[10:16:48] [Worker-Main-2/INFO] (Minecraft) [STDOUT]:     core/rendertype_text_background.vsh: Default
[10:16:48] [Worker-Main-2/INFO] (Minecraft) [STDOUT]:     core/rendertype_text_background_see_through.vsh: Default
[10:16:48] [Worker-Main-2/INFO] (Minecraft) [STDOUT]:     core/rendertype_crumbling.fsh: Default
[10:16:48] [Worker-Main-2/INFO] (Minecraft) [STDOUT]:     core/rendertype_item_entity_translucent_cull.vsh: Default
[10:16:48] [Worker-Main-2/INFO] (Minecraft) [STDOUT]:     core/sky.fsh: Default
[10:16:48] [Worker-Main-2/INFO] (Minecraft) [STDOUT]:     core1/lightmap.fsh: pack.name.fabricMod
[10:16:48] [Worker-Main-2/INFO] (Minecraft) [STDOUT]:     core/rendertype_entity_shadow.vsh: Default
[10:16:48] [Worker-Main-2/INFO] (Minecraft) [STDOUT]:     core/rendertype_outline.vsh: Default
[10:16:48] [Worker-Main-2/INFO] (Minecraft) [STDOUT]:     include/light.glsl: Default
[10:16:48] [Worker-Main-2/INFO] (Minecraft) [STDOUT]:     core/entity.fsh: Default
[10:16:48] [Worker-Main-2/INFO] (Minecraft) [STDOUT]:     post/invert.fsh: Default
[10:16:48] [Worker-Main-2/INFO] (Minecraft) [STDOUT]:     core/glint.vsh: Default
[10:16:48] [Worker-Main-2/INFO] (Minecraft) [STDOUT]:     core/position.vsh: Default
[10:16:48] [Worker-Main-2/INFO] (Minecraft) [STDOUT]:     core/rendertype_text_background.fsh: Default
[10:16:48] [Worker-Main-2/INFO] (Minecraft) [STDOUT]:     core/lightmap.fsh: Default
[10:16:48] [Worker-Main-2/INFO] (Minecraft) [STDOUT]:     core/rendertype_world_border.vsh: Default
[10:16:48] [Worker-Main-2/INFO] (Minecraft) [STDOUT]:     core/stars.fsh: Default
[10:16:48] [Worker-Main-2/INFO] (Minecraft) [STDOUT]:     core/particle.fsh: Default
[10:16:48] [Worker-Main-2/INFO] (Minecraft) [STDOUT]:     core/position_tex.vsh: Default
[10:16:48] [Worker-Main-2/INFO] (Minecraft) [STDOUT]:     post/screenquad.vsh: Default
[10:16:48] [Worker-Main-2/INFO] (Minecraft) [STDOUT]:     core/rendertype_entity_alpha.vsh: Default
[10:16:48] [Worker-Main-2/INFO] (Minecraft) [STDOUT]:     core/rendertype_lines.fsh: Default
[10:16:48] [Worker-Main-2/INFO] (Minecraft) [STDOUT]:     core/rendertype_outline.fsh: Default
[10:16:48] [Worker-Main-2/INFO] (Minecraft) [STDOUT]:     core/rendertype_text_intensity_see_through.fsh: Default
[10:16:48] [Worker-Main-2/INFO] (Minecraft) [STDOUT]:     post/spiderclip.fsh: Default
[10:16:48] [Worker-Main-2/INFO] (Minecraft) [STDOUT]:     core/rendertype_text_intensity.fsh: Default
[10:16:48] [Worker-Main-2/INFO] (Minecraft) [STDOUT]:     core/position_color_lightmap.fsh: Default
[10:16:48] [Worker-Main-2/INFO] (Minecraft) [STDOUT]:     core/rendertype_lightning.fsh: Default
[10:16:48] [Worker-Main-2/INFO] (Minecraft) [STDOUT]:     core/rendertype_lines.vsh: Default
[10:16:48] [Worker-Main-2/INFO] (Minecraft) [STDOUT]:     core/rendertype_world_border.fsh: Default
[10:16:48] [Worker-Main-2/INFO] (Minecraft) [STDOUT]:     core/particle.vsh: Default
[10:16:48] [Worker-Main-2/INFO] (Minecraft) [STDOUT]:     core/position_tex.fsh: Default
[10:16:48] [Worker-Main-2/INFO] (Minecraft) [STDOUT]:     core/rendertype_entity_alpha.fsh: Default
[10:16:48] [Worker-Main-2/INFO] (Minecraft) [STDOUT]:     core/rendertype_text_intensity_see_through.vsh: Default
[10:16:48] [Worker-Main-2/INFO] (Minecraft) [STDOUT]:     core/rendertype_entity_decal.vsh: Default
[10:16:48] [Worker-Main-2/INFO] (Minecraft) [STDOUT]:     core/rendertype_text.vsh: Default
[10:16:48] [Worker-Main-2/INFO] (Minecraft) [STDOUT]:     core/rendertype_end_portal.vsh: Default
[10:16:48] [Worker-Main-2/INFO] (Minecraft) [STDOUT]:     post/sobel.vsh: Default
[10:16:48] [Worker-Main-2/INFO] (Minecraft) [STDOUT]:     core/panorama.vsh: Default
[10:16:48] [Worker-Main-2/INFO] (Minecraft) [STDOUT]:     core/rendertype_text_intensity.vsh: Default
[10:16:48] [Worker-Main-2/INFO] (Minecraft) [STDOUT]: nameSpace: sodium
[10:16:48] [Worker-Main-2/INFO] (Minecraft) [STDOUT]:     include/chunk_matrices.glsl: pack.name.fabricMod
[10:16:48] [Worker-Main-2/INFO] (Minecraft) [STDOUT]:     clouds.json: pack.name.fabricMod
[10:16:48] [Worker-Main-2/INFO] (Minecraft) [STDOUT]:     blocks/block_layer_opaque.fsh: pack.name.fabricMod
[10:16:48] [Worker-Main-2/INFO] (Minecraft) [STDOUT]:     blocks/block_layer_opaque.vsh: pack.name.fabricMod
[10:16:48] [Worker-Main-2/INFO] (Minecraft) [STDOUT]:     include/chunk_vertex.glsl: pack.name.fabricMod
[10:16:48] [Worker-Main-2/INFO] (Minecraft) [STDOUT]:     include/fog.glsl: pack.name.fabricMod
[10:16:48] [Worker-Main-2/INFO] (Minecraft) [STDOUT]:     clouds.fsh: pack.name.fabricMod
[10:16:48] [Worker-Main-2/INFO] (Minecraft) [STDOUT]:     clouds.vsh: pack.name.fabricMod
[10:16:48] [Worker-Main-2/INFO] (Minecraft) [STDOUT]:     include/chunk_material.glsl: pack.name.fabricMod
[10:16:48] [Render thread/INFO] (FancyMenu) [FANCYMENU] Starting late client initialization phase..
[10:16:48] [Render thread/INFO] (moreculling) Cached all modded block culling states
[10:16:48] [Worker-Main-8/INFO] (Minecraft) Found unifont_jp_patch-16.0.03.hex, loading
[10:16:48] [Render thread/INFO] (Minecraft) Info log when linking program containing VS minecraft:core/entity and FS minecraft:core/entity. Log output: WARNING: Could not find vertex shader attribute 'Normal' to match BindAttributeLocation request.
WARNING: Could not find vertex shader attribute 'UV2' to match BindAttributeLocation request.
WARNING: Output of vertex shader 'overlayColor' not read by fragment shader

[10:16:48] [Render thread/INFO] (Minecraft) Info log when linking program containing VS minecraft:core/terrain and FS minecraft:core/terrain. Log output: WARNING: Could not find vertex shader attribute 'Normal' to match BindAttributeLocation request.

[10:16:48] [Render thread/INFO] (Minecraft) Info log when linking program containing VS minecraft:core/rendertype_entity_shadow and FS minecraft:core/rendertype_entity_shadow. Log output: WARNING: Could not find vertex shader attribute 'UV1' to match BindAttributeLocation request.
WARNING: Could not find vertex shader attribute 'Normal' to match BindAttributeLocation request.
WARNING: Could not find vertex shader attribute 'UV2' to match BindAttributeLocation request.

[10:16:48] [Render thread/INFO] (Minecraft) Info log when linking program containing VS minecraft:core/entity and FS minecraft:core/entity. Log output: WARNING: Output of vertex shader 'overlayColor' not read by fragment shader

[10:16:48] [Render thread/INFO] (Minecraft) Info log when linking program containing VS minecraft:core/rendertype_beacon_beam and FS minecraft:core/rendertype_beacon_beam. Log output: WARNING: Could not find vertex shader attribute 'Normal' to match BindAttributeLocation request.
WARNING: Could not find vertex shader attribute 'UV2' to match BindAttributeLocation request.

[10:16:48] [Render thread/INFO] (Minecraft) Info log when linking program containing VS minecraft:core/rendertype_text_intensity_see_through and FS minecraft:core/rendertype_text_intensity_see_through. Log output: WARNING: Could not find vertex shader attribute 'UV2' to match BindAttributeLocation request.

[10:16:48] [Render thread/INFO] (Minecraft) Info log when linking program containing VS minecraft:core/terrain and FS minecraft:core/terrain. Log output: WARNING: Could not find vertex shader attribute 'Normal' to match BindAttributeLocation request.

[10:16:48] [Render thread/INFO] (Minecraft) Info log when linking program containing VS minecraft:core/rendertype_entity_alpha and FS minecraft:core/rendertype_entity_alpha. Log output: WARNING: Could not find vertex shader attribute 'Normal' to match BindAttributeLocation request.
WARNING: Output of vertex shader 'texCoord1' not read by fragment shader
WARNING: Output of vertex shader 'texCoord2' not read by fragment shader

[10:16:48] [Render thread/INFO] (Minecraft) Info log when linking program containing VS minecraft:core/entity and FS minecraft:core/entity. Log output: WARNING: Output of vertex shader 'overlayColor' not read by fragment shader

[10:16:48] [Render thread/INFO] (Minecraft) Info log when linking program containing VS minecraft:core/rendertype_text_background_see_through and FS minecraft:core/rendertype_text_background_see_through. Log output: WARNING: Could not find vertex shader attribute 'UV2' to match BindAttributeLocation request.

[10:16:48] [Render thread/INFO] (Minecraft) Info log when linking program containing VS minecraft:core/entity and FS minecraft:core/entity. Log output: WARNING: Output of vertex shader 'overlayColor' not read by fragment shader

[10:16:48] [Render thread/INFO] (Minecraft) Info log when linking program containing VS minecraft:core/rendertype_text_see_through and FS minecraft:core/rendertype_text_see_through. Log output: WARNING: Could not find vertex shader attribute 'UV2' to match BindAttributeLocation request.

[10:16:48] [Render thread/INFO] (Minecraft) Info log when linking program containing VS minecraft:core/terrain and FS minecraft:core/terrain. Log output: WARNING: Could not find vertex shader attribute 'Normal' to match BindAttributeLocation request.

[10:16:48] [Render thread/INFO] (Minecraft) Info log when linking program containing VS minecraft:core/terrain and FS minecraft:core/terrain. Log output: WARNING: Could not find vertex shader attribute 'Normal' to match BindAttributeLocation request.

[10:16:48] [Render thread/INFO] (Minecraft) Info log when linking program containing VS minecraft:core/rendertype_item_entity_translucent_cull and FS minecraft:core/rendertype_item_entity_translucent_cull. Log output: WARNING: Output of vertex shader 'texCoord1' not read by fragment shader
WARNING: Output of vertex shader 'texCoord2' not read by fragment shader

[10:16:48] [Render thread/INFO] (Minecraft) Info log when linking program containing VS minecraft:core/entity and FS minecraft:core/entity. Log output: WARNING: Could not find vertex shader attribute 'Normal' to match BindAttributeLocation request.
WARNING: Could not find vertex shader attribute 'UV2' to match BindAttributeLocation request.
WARNING: Output of vertex shader 'overlayColor' not read by fragment shader

[10:16:48] [Render thread/INFO] (Minecraft) Info log when linking program containing VS minecraft:core/terrain and FS minecraft:core/terrain. Log output: WARNING: Could not find vertex shader attribute 'Normal' to match BindAttributeLocation request.

[10:16:48] [Render thread/INFO] (Minecraft) Info log when linking program containing VS minecraft:core/entity and FS minecraft:core/entity. Log output: WARNING: Output of vertex shader 'overlayColor' not read by fragment shader

[10:16:48] [Render thread/INFO] (Minecraft) Info log when linking program containing VS minecraft:core/rendertype_beacon_beam and FS minecraft:core/rendertype_beacon_beam. Log output: WARNING: Could not find vertex shader attribute 'Normal' to match BindAttributeLocation request.
WARNING: Could not find vertex shader attribute 'UV2' to match BindAttributeLocation request.

[10:16:48] [Render thread/INFO] (Minecraft) Info log when linking program containing VS minecraft:core/rendertype_translucent_moving_block and FS minecraft:core/rendertype_translucent_moving_block. Log output: WARNING: Could not find vertex shader attribute 'Normal' to match BindAttributeLocation request.

[10:16:48] [Render thread/INFO] (Minecraft) Info log when linking program containing VS minecraft:core/entity and FS minecraft:core/entity. Log output: WARNING: Could not find vertex shader attribute 'UV2' to match BindAttributeLocation request.

[10:16:48] [Render thread/INFO] (Minecraft) Info log when linking program containing VS minecraft:core/terrain and FS minecraft:core/terrain. Log output: WARNING: Could not find vertex shader attribute 'Normal' to match BindAttributeLocation request.

[10:16:48] [Render thread/INFO] (Minecraft) Info log when linking program containing VS minecraft:core/rendertype_crumbling and FS minecraft:core/rendertype_crumbling. Log output: WARNING: Could not find vertex shader attribute 'Normal' to match BindAttributeLocation request.
WARNING: Output of vertex shader 'texCoord2' not read by fragment shader

[10:16:48] [Render thread/INFO] (Minecraft) Info log when linking program containing VS minecraft:core/entity and FS minecraft:core/entity. Log output: WARNING: Could not find vertex shader attribute 'Normal' to match BindAttributeLocation request.
WARNING: Output of vertex shader 'overlayColor' not read by fragment shader

[10:16:48] [Render thread/INFO] (Minecraft) Info log when linking program containing VS minecraft:core/terrain and FS minecraft:core/terrain. Log output: WARNING: Could not find vertex shader attribute 'Normal' to match BindAttributeLocation request.

[10:16:48] [Render thread/INFO] (Minecraft) OpenAL initialized on device MacBook Air Speakers
[10:16:48] [Render thread/INFO] (Minecraft) Sound engine started
[10:16:48] [Render thread/INFO] (Minecraft) [FANCYMENU] Reloading AudioResourceHandler after Minecraft SoundEngine reload..
[10:16:48] [Render thread/INFO] (Minecraft) Created: 1024x512x4 minecraft:textures/atlas/blocks.png-atlas
[10:16:48] [Render thread/INFO] (Minecraft) Created: 256x256x4 minecraft:textures/atlas/signs.png-atlas
[10:16:48] [Render thread/INFO] (Minecraft) Created: 512x512x4 minecraft:textures/atlas/banner_patterns.png-atlas
[10:16:48] [Render thread/INFO] (Minecraft) Created: 512x512x4 minecraft:textures/atlas/shield_patterns.png-atlas
[10:16:48] [Render thread/INFO] (Minecraft) Created: 2048x1024x4 minecraft:textures/atlas/armor_trims.png-atlas
[10:16:48] [Render thread/INFO] (Minecraft) Created: 128x64x4 minecraft:textures/atlas/decorated_pot.png-atlas
[10:16:48] [Render thread/INFO] (Minecraft) Created: 256x256x4 minecraft:textures/atlas/chest.png-atlas
[10:16:48] [Render thread/INFO] (Minecraft) Created: 512x256x4 minecraft:textures/atlas/beds.png-atlas
[10:16:48] [Render thread/INFO] (Minecraft) Created: 512x256x4 minecraft:textures/atlas/shulker_boxes.png-atlas
[10:16:48] [Render thread/INFO] (Minecraft) Created: 64x64x0 minecraft:textures/atlas/map_decorations.png-atlas
[10:16:49] [Render thread/INFO] (Minecraft) Created: 512x256x0 minecraft:textures/atlas/particles.png-atlas
[10:16:49] [Render thread/INFO] (Minecraft) Created: 512x256x0 minecraft:textures/atlas/paintings.png-atlas
[10:16:49] [Render thread/INFO] (Minecraft) Created: 1024x512x0 minecraft:textures/atlas/gui.png-atlas
[10:16:49] [Render thread/INFO] (ResourceHandlers) [FANCYMENU] Reloading resources..
[10:16:49] [Render thread/INFO] (ResourcePreLoader) [FANCYMENU] Pre-loading resources..
[10:16:49] [Render thread/INFO] (ScreenCustomizationLayerHandler) [FANCYMENU] Minecraft resource reload: FINISHED
[10:16:49] [Render thread/INFO] (Entity Texture Features) [ETF]: reloading ETF data.
[10:16:49] [Render thread/INFO] (Entity Texture Features) [ETF]: emissive suffixes loaded: {_e}
[10:16:49] [Render thread/INFO] (Entity Texture Features) [ETF]: emissive suffixes loaded: {_e}
[10:16:49] [Render thread/INFO] (ScreenCustomizationLayerHandler) [FANCYMENU] ScreenCustomizationLayer registered: title_screen
[10:16:49] [Render thread/INFO] (Iris) Creating pipeline for dimension minecraft:overworld
[10:16:58] [CullThread/INFO] (Minecraft) [STDOUT]: Shutting down culling task!
[10:16:58] [Render thread/INFO] (Minecraft) Stopping!
[10:16:58] [Render thread/INFO] (IAS) IAS: Closing IAS...
[10:16:58] [Render thread/INFO] (IAS) IAS: Shutting down IAS executor...
[10:16:58] [Render thread/INFO] (IAS) IAS: IAS executor shut down.
[10:16:58] [Render thread/INFO] (IAS) IAS: IAS has been unloaded.
[10:16:58] [Render thread/INFO] (ScreenCustomizationLayerHandler) [FANCYMENU] ScreenCustomizationLayer registered: progress_screen
[10:16:58] [Render thread/INFO] (Entity Texture Features) [ETF]: emissive suffixes loaded: {_e}
[10:16:58] [Render thread/INFO] (FastQuit) [FastQuit] Exiting FastQuit.
[10:16:59] [Render thread/INFO] (libjf) Discarded config watch service
